ffmpeg version 6.1.1 Copyright (c) 2000-2023 the FFmpeg developers
  built with gcc 11.2.0 (Anaconda gcc)
  configuration: --prefix=/home/kuhnph19/anaconda3/envs/MAV --cc=/home/task_176243685929256/conda-bld/ffmpeg_1762437043313/_build_env/bin/x86_64-conda-linux-gnu-cc --ar=/home/task_176243685929256/conda-bld/ffmpeg_1762437043313/_build_env/bin/x86_64-conda-linux-gnu-ar --nm=/home/task_176243685929256/conda-bld/ffmpeg_1762437043313/_build_env/bin/x86_64-conda-linux-gnu-nm --ranlib=/home/task_176243685929256/conda-bld/ffmpeg_1762437043313/_build_env/bin/x86_64-conda-linux-gnu-ranlib --strip=/home/task_176243685929256/conda-bld/ffmpeg_1762437043313/_build_env/bin/x86_64-conda-linux-gnu-strip --disable-doc --enable-swresample --enable-swscale --enable-openssl --enable-libxml2 --enable-libtheora --enable-demuxer=dash --enable-postproc --enable-hardcoded-tables --enable-libfreetype --enable-libharfbuzz --enable-libfontconfig --enable-libdav1d --enable-zlib --enable-libaom --enable-pic --enable-shared --disable-static --disable-gpl --enable-version3 --disable-sdl2 --enable-libopenh264 --enable-libopus --enable-libmp3lame --enable-libopenjpeg --enable-libvorbis --enable-pthreads --enable-libtesseract --enable-libvpx
  libavutil      58. 29.100 / 58. 29.100
  libavcodec     60. 31.102 / 60. 31.102
  libavformat    60. 16.100 / 60. 16.100
  libavdevice    60.  3.100 / 60.  3.100
  libavfilter     9. 12.100 /  9. 12.100
  libswscale      7.  5.100 /  7.  5.100
  libswresample   4. 12.100 /  4. 12.100
Input #0, rawvideo, from 'fd:':
  Duration: N/A, start: 0.000000, bitrate: 576000 kb/s
  Stream #0:0: Video: rawvideo (RGB[24] / 0x18424752), rgb24, 1000x800, 576000 kb/s, 30 tbr, 30 tbn
Stream mapping:
  Stream #0:0 -> #0:0 (rawvideo (native) -> h264 (libopenh264))
[libopenh264 @ 0x303f55c0] [OpenH264] this = 0x0x3080b2d0, Warning:layerId(0) doesn't support profile(578), change to UNSPECIFIC profile
[libopenh264 @ 0x303f55c0] [OpenH264] this = 0x0x3080b2d0, Warning:bEnableFrameSkip = 0,bitrate can't be controlled for RC_QUALITY_MODE,RC_BITRATE_MODE and RC_TIMESTAMP_MODE without enabling skip frame.
Output #0, mp4, to 'out/mav_view.mp4':
  Metadata:
    encoder         : Lavf60.16.100
  Stream #0:0: Video: h264 (avc1 / 0x31637661), yuv420p(tv, progressive), 1000x800, q=2-31, 10000 kb/s, 30 fps, 15360 tbn
    Metadata:
      encoder         : Lavc60.31.102 libopenh264
    Side data:
      cpb: bitrate max/min/avg: 10000000/0/10000000 buffer size: 0 vbv_delay: N/A
frame=    0 fps=0.0 q=-0.0 size=       0kB time=00:00:00.00 bitrate=N/A speed=N/A    frame=   10 fps=0.0 q=-0.0 size=     256kB time=00:00:00.33 bitrate=6292.6kbits/s speed=0.649x    frame=   21 fps= 20 q=-0.0 size=     768kB time=00:00:00.70 bitrate=8988.3kbits/s speed=0.676x    frame=   32 fps= 21 q=-0.0 size=    1024kB time=00:00:01.06 bitrate=7864.7kbits/s speed=0.69x    frame=   48 fps= 23 q=-0.0 size=    1792kB time=00:00:01.60 bitrate=9175.3kbits/s speed=0.781x    frame=   65 fps= 25 q=-0.0 size=    2560kB time=00:00:02.16 bitrate=9679.3kbits/s speed=0.847x    frame=   83 fps= 27 q=-0.0 size=    3072kB time=00:00:02.76 bitrate=9096.2kbits/s speed=0.897x    frame=  101 fps= 28 q=-0.0 size=    3840kB time=00:00:03.36 bitrate=9343.9kbits/s speed=0.932x    frame=  118 fps= 29 q=-0.0 size=    4608kB time=00:00:03.93 bitrate=9597.2kbits/s speed=0.95x    frame=  134 fps= 29 q=-0.0 size=    5376kB time=00:00:04.46 bitrate=9859.8kbits/s speed=0.958x    frame=  152 fps= 29 q=-0.0 size=    5888kB time=00:00:05.06 bitrate=9520.0kbits/s speed=0.975x    [out#0/mp4 @ 0x303f35c0] video:6248kB audio:0kB subtitle:0kB other streams:0kB global headers:0kB muxing overhead: 0.023117%
frame=  154 fps= 29 q=-0.0 Lsize=    6249kB time=00:00:05.10 bitrate=10038.1kbits/s speed=0.971x    
